../Core/Src/uart.c:15:6:uart_init_rs232	8	static
../Core/Src/uart.c:19:6:uart_Rs232SendString	16	static
../Core/Src/uart.c:23:6:uart_Rs232SendBytes	16	static
../Core/Src/uart.c:27:6:uart_Rs232SendNum	24	static
../Core/Src/uart.c:52:6:uart_Rs232SendNumPercent	16	static
../Core/Src/uart.c:61:6:uart_EspSendString	16	static
../Core/Src/uart.c:65:6:uart_EspSendNumPercent	16	static
../Core/Src/uart.c:74:6:uart_init_esp	8	static
../Core/Src/uart.c:79:6:uart_EspSendBytes	16	static
../Core/Src/uart.c:83:6:HAL_UART_RxCpltCallback	16	static
../Core/Src/uart.c:101:9:uart_EspCheck	4	static
../Core/Src/uart.c:106:7:convert2str	32	static
../Core/Src/uart.c:114:6:uartSendSensor	24	static
